jom.exe : 
At line:1 char:207
+ ... bit-Debug'; & 'C:\Qt\Tools\QtCreator\bin\jom\jom.exe' -j8 2>&1 | Out- ...
+                 ~~~~~~~~~~~~~~~~~~~~~~~~~~~~~~~~~~~~~~~~~~~~~~~~~~
    + CategoryInfo          : NotSpecified: (:String) [], RemoteException
    + FullyQualifiedErrorId : NativeCommandError
 
jom 1.1.4 - empower your cores

	cd backend\third_party\ && ( if not exist Makefile C:\Qt\6.11.0\msvc2022_64\bin\qmake.exe -o Makefile D:\Code\moonlight-web-deepseek\backend\third_party\third_party.pro -spec win32-msvc "CONFIG+=debug" "CONFIG+=qml_debug" ) && C:\Qt\Tools\QtCreator\bin\jom\jom.exe -f Makefile
	cd qmdnsengine\ && ( if not exist Makefile C:\Qt\6.11.0\msvc2022_64\bin\qmake.exe -o Makefile D:\Code\moonlight-web-deepseek\backend\third_party\qmdnsengine\qmdnsengine.pro -spec win32-msvc "CONFIG+=debug" "CONFIG+=qml_debug" ) && C:\Qt\Tools\QtCreator\bin\jom\jom.exe -f Makefile
	C:\Qt\Tools\QtCreator\bin\jom\jom.exe -f Makefile.Debug
	cd backend\ && ( if not exist Makefile C:\Qt\6.11.0\msvc2022_64\bin\qmake.exe -o Makefile D:\Code\moonlight-web-deepseek\backend\backend.pro -spec win32-msvc "CONFIG+=debug" "CONFIG+=qml_debug" ) && C:\Qt\Tools\QtCreator\bin\jom\jom.exe -f Makefile
	C:\Qt\Tools\QtCreator\bin\jom\jom.exe -f Makefile.Debug
	cl -c -nologo -Zc:wchar_t -FS -Zc:rvalueCast -Zc:inline -Zc:strictStrings -Zc:throwingNew -permissive- -Zc:__cplusplus -Zc:externConstexpr -Zi -MDd -std:c++17 -utf-8 -W3 -w34100 -w34189 -w44456 -w44457 -w44458 -wd4577 -wd4467 -EHsc /Fddebug\mw-server.vc.pdb -DUNICODE -D_UNICODE -DWIN32 -D_ENABLE_EXTENDED_ALIGNED_STORAGE -DWIN64 -DFRONTEND_DIR=\"D:/Code/moonlight-web-deepseek/backend/../frontend/\" -DQT_QML_DEBUG -DQT_GUI_LIB -DQT_NETWORK_LIB -DQT_CORE_LIB -I..\..\..\backend -I. -I..\..\..\backend\src -I..\..\..\backend\third_party\qmdnsengine\qmdnsengine\src\include -I..\..\..\backend\third_party\qmdnsengine -I..\..\..\backend\libs\windows\include\x64 -IC:\Qt\6.11.0\msvc2022_64\include -IC:\Qt\6.11.0\msvc2022_64\include\QtGui -IC:\Qt\6.11.0\msvc2022_64\include\QtNetwork -IC:\Qt\6.11.0\msvc2022_64\include\QtCore -Idebug -IC:\VulkanSDK\1.4.309.0\include -IC:\Qt\6.11.0\msvc2022_64\mkspecs\win32-msvc -Fodebug\ @C:\Users\Minis\AppData\Local\Temp\main.obj.36144.15.jom
'cl' is not recognized as an internal or external command,
operable program or batch file.
jom: D:\Code\moonlight-web-deepseek\build\Desktop_Qt_6_11_0_MSVC2022_64bit-Debug\backend\Makefile.Debug 
[debug\main.obj] Error 1
	cl -c -nologo -Zc:wchar_t -FS -Zc:rvalueCast -Zc:inline -Zc:strictStrings -Zc:throwingNew -permissive- -Zc:__cplusplus -Zc:externConstexpr -Zi -MDd -std:c++17 -utf-8 -W3 -w34100 -w34189 -w44456 -w44457 -w44458 -wd4577 -wd4467 -EHsc /Fddebug\mw-server.vc.pdb -DUNICODE -D_UNICODE -DWIN32 -D_ENABLE_EXTENDED_ALIGNED_STORAGE -DWIN64 -DFRONTEND_DIR=\"D:/Code/moonlight-web-deepseek/backend/../frontend/\" -DQT_QML_DEBUG -DQT_GUI_LIB -DQT_NETWORK_LIB -DQT_CORE_LIB -I..\..\..\backend -I. -I..\..\..\backend\src -I..\..\..\backend\third_party\qmdnsengine\qmdnsengine\src\include -I..\..\..\backend\third_party\qmdnsengine -I..\..\..\backend\libs\windows\include\x64 -IC:\Qt\6.11.0\msvc2022_64\include -IC:\Qt\6.11.0\msvc2022_64\include\QtGui -IC:\Qt\6.11.0\msvc2022_64\include\QtNetwork -IC:\Qt\6.11.0\msvc2022_64\include\QtCore -Idebug -IC:\VulkanSDK\1.4.309.0\include -IC:\Qt\6.11.0\msvc2022_64\mkspecs\win32-msvc -Fodebug\ @C:\Users\Minis\AppData\Local\Temp\HttpServer.obj.36144.46.jom
'cl' is not recognized as an internal or external command,
operable program or batch file.
jom: D:\Code\moonlight-web-deepseek\build\Desktop_Qt_6_11_0_MSVC2022_64bit-Debug\backend\Makefile.Debug 
[debug\HttpServer.obj] Error 1
jom: D:\Code\moonlight-web-deepseek\build\Desktop_Qt_6_11_0_MSVC2022_64bit-Debug\backend\Makefile [debug] Error 2
jom: D:\Code\moonlight-web-deepseek\build\Desktop_Qt_6_11_0_MSVC2022_64bit-Debug\Makefile 
[sub-backend-make_first-ordered] Error 2
