Attempting build via shell...